
> relay-lab@0.1.0 build
> next build

▲ Next.js 16.3.0 (Turbopack)
✓ Running next.config.ts took 23ms
⚠ No build cache found. Please configure build caching for faster rebuilds. Read more: https://nextjs.org/docs/messages/no-cache
Attention: Next.js now collects completely anonymous telemetry regarding usage.
This information is used to shape Next.js' roadmap and prioritize features.
You can learn more, including how to opt-out if you'd not like to participate in this anonymous program, by visiting the following URL:
https://nextjs.org/telemetry


  Creating an optimized production build ...
✓ Compiled successfully in 4.5s
  Running TypeScript ...
  Finished TypeScript in 5.0s ...
  Collecting page data using 3 workers ...
  Generating static pages using 3 workers (0/3) ...
✓ Generating static pages using 3 workers (3/3) in 211ms
  Finalizing page optimization ...

Route (app)
┌ ○ /
└ ○ /_not-found


○  (Static)  prerendered as static content

