
> relay-lab@0.1.0 build
> next build

▲ Next.js 16.3.0 (Turbopack)
✓ Running next.config.ts took 24ms
⚠ No build cache found. Please configure build caching for faster rebuilds. Read more: https://nextjs.org/docs/messages/no-cache
Attention: Next.js now collects completely anonymous telemetry regarding usage.
This information is used to shape Next.js' roadmap and prioritize features.
You can learn more, including how to opt-out if you'd not like to participate in this anonymous program, by visiting the following URL:
https://nextjs.org/telemetry


  Creating an optimized production build ...
✓ Compiled successfully in 4.6s
  Running TypeScript ...
src/circuit/definitions/__tests__/registry.test.ts(184,40): error TS2339: Property 'relay' does not exist on type '{ kind: "ac-dc-power-supply"; inputVoltageMin: number; inputVoltageMax: number; lineTerminal: string; neutralTerminal: string; outputVoltage: number; positiveTerminal: string; zeroTerminal: string; ratedOutputCurrent?: number | undefined; ratedPower?: number | undefined; } | { ...; }'.
  Property 'relay' does not exist on type '{ kind: "ac-dc-power-supply"; inputVoltageMin: number; inputVoltageMax: number; lineTerminal: string; neutralTerminal: string; outputVoltage: number; positiveTerminal: string; zeroTerminal: string; ratedOutputCurrent?: number | undefined; ratedPower?: number | undefined; }'.
src/circuit/definitions/__tests__/registry.test.ts(186,42): error TS2339: Property 'relay' does not exist on type '{ kind: "ac-dc-power-supply"; inputVoltageMin: number; inputVoltageMax: number; lineTerminal: string; neutralTerminal: string; outputVoltage: number; positiveTerminal: string; zeroTerminal: string; ratedOutputCurrent?: number | undefined; ratedPower?: number | undefined; } | { ...; }'.
  Property 'relay' does not exist on type '{ kind: "ac-dc-power-supply"; inputVoltageMin: number; inputVoltageMax: number; lineTerminal: string; neutralTerminal: string; outputVoltage: number; positiveTerminal: string; zeroTerminal: string; ratedOutputCurrent?: number | undefined; ratedPower?: number | undefined; }'.
src/circuit/definitions/__tests__/registry.test.ts(187,42): error TS2339: Property 'relay' does not exist on type '{ kind: "ac-dc-power-supply"; inputVoltageMin: number; inputVoltageMax: number; lineTerminal: string; neutralTerminal: string; outputVoltage: number; positiveTerminal: string; zeroTerminal: string; ratedOutputCurrent?: number | undefined; ratedPower?: number | undefined; } | { ...; }'.
  Property 'relay' does not exist on type '{ kind: "ac-dc-power-supply"; inputVoltageMin: number; inputVoltageMax: number; lineTerminal: string; neutralTerminal: string; outputVoltage: number; positiveTerminal: string; zeroTerminal: string; ratedOutputCurrent?: number | undefined; ratedPower?: number | undefined; }'.
src/circuit/definitions/__tests__/registry.test.ts(191,40): error TS2339: Property 'relay' does not exist on type '{ kind: "ac-dc-power-supply"; inputVoltageMin: number; inputVoltageMax: number; lineTerminal: string; neutralTerminal: string; outputVoltage: number; positiveTerminal: string; zeroTerminal: string; ratedOutputCurrent?: number | undefined; ratedPower?: number | undefined; } | { ...; }'.
  Property 'relay' does not exist on type '{ kind: "ac-dc-power-supply"; inputVoltageMin: number; inputVoltageMax: number; lineTerminal: string; neutralTerminal: string; outputVoltage: number; positiveTerminal: string; zeroTerminal: string; ratedOutputCurrent?: number | undefined; ratedPower?: number | undefined; }'.
src/circuit/definitions/__tests__/registry.test.ts(192,28): error TS7006: Parameter 'input' implicitly has an 'any' type.
src/circuit/definitions/__tests__/registry.test.ts(196,39): error TS2339: Property 'relay' does not exist on type '{ kind: "ac-dc-power-supply"; inputVoltageMin: number; inputVoltageMax: number; lineTerminal: string; neutralTerminal: string; outputVoltage: number; positiveTerminal: string; zeroTerminal: string; ratedOutputCurrent?: number | undefined; ratedPower?: number | undefined; } | { ...; }'.
  Property 'relay' does not exist on type '{ kind: "ac-dc-power-supply"; inputVoltageMin: number; inputVoltageMax: number; lineTerminal: string; neutralTerminal: string; outputVoltage: number; positiveTerminal: string; zeroTerminal: string; ratedOutputCurrent?: number | undefined; ratedPower?: number | undefined; }'.
src/circuit/definitions/__tests__/registry.test.ts(196,63): error TS7006: Parameter 'c' implicitly has an 'any' type.
src/circuit/engine/graph.ts(420,4): error TS2366: Function lacks ending return statement and return type does not include 'undefined'.
Failed to type check.

